GETSTATIC org/openjdk/btrace/runtime/auxiliary/ArgsNoSelf.$btrace$$level : I
ICONST_1
IF_ICMPLT L0
LDC "public long resources.OnMethodTest#args(java.lang.String, long, java.lang.String[], int[])"
ALOAD 1
LLOAD 2
ALOAD 4
ALOAD 5
INVOKESTATIC resources/OnMethodTest.$btrace$org$openjdk$btrace$runtime$auxiliary$ArgsNoSelf$argsNoSelf (Ljava/lang/String;Ljava/lang/String;J[Ljava/lang/String;[I)V
FRAME SAME
MAXSTACK = 6