LSTORE 4
ASTORE 6
ASTORE 7
LCONST_0
LSTORE 8
LCONST_0
LSTORE 10
GETSTATIC org/openjdk/btrace/runtime/auxiliary/MethodCallDuration.$btrace$$level : I
DUP
ISTORE 12
IFLE L1
INVOKESTATIC java/lang/System.nanoTime ()J
LSTORE 10
L1
FRAME FULL [resources/OnMethodTest java/lang/String J J java/lang/String resources/OnMethodTest J J I] []
ALOAD 7
ALOAD 6
LLOAD 4
ILOAD 12
IFLE L2
INVOKESTATIC java/lang/System.nanoTime ()J
LLOAD 10
LSUB
LSTORE 8
L2
FRAME SAME1 J
GETSTATIC org/openjdk/btrace/runtime/auxiliary/MethodCallDuration.$btrace$$level : I
ICONST_1
IF_ICMPLT L3
DUP2
LSTORE 13
LLOAD 13
LLOAD 8
ALOAD 6
LLOAD 4
INVOKESTATIC resources/OnMethodTest.$btrace$org$openjdk$btrace$runtime$auxiliary$MethodCallDuration$args (JJLjava/lang/String;J)V
L3
FRAME SAME1 J
L4
LOCALVARIABLE this Lresources/OnMethodTest; L0 L4 0
LOCALVARIABLE a Ljava/lang/String; L0 L4 1
LOCALVARIABLE b J L0 L4 2
MAXSTACK = 9
MAXLOCALS = 15