GETSTATIC org/openjdk/btrace/runtime/auxiliary/NewArrayIntBefore.$btrace$$level : I
ICONST_1
IF_ICMPLT L1
ALOAD 0
LDC "int"
ICONST_1
INVOKESTATIC resources/OnMethodTest.$btrace$org$openjdk$btrace$runtime$auxiliary$NewArrayIntBefore$args (Ljava/lang/Object;Ljava/lang/String;I)V
L1
FRAME SAME1 I
L2
LINENUMBER 110 L2
ICONST_1
GETSTATIC org/openjdk/btrace/runtime/auxiliary/NewArrayIntBefore.$btrace$$level : I
IF_ICMPLT L3
ALOAD 0
LDC "int"
ICONST_2
INVOKESTATIC resources/OnMethodTest.$btrace$org$openjdk$btrace$runtime$auxiliary$NewArrayIntBefore$args (Ljava/lang/Object;Ljava/lang/String;I)V
L3
FRAME FULL [resources/OnMethodTest [I] [I I]
L4
LINENUMBER 111 L4
L5
LINENUMBER 112 L5
L6
LINENUMBER 113 L6
L7
LOCALVARIABLE this Lresources/OnMethodTest; L0 L7 0
LOCALVARIABLE a [I L2 L7 1
LOCALVARIABLE b [[I L4 L7 2
LOCALVARIABLE c [Ljava/lang/String; L5 L7 3
LOCALVARIABLE d [[Ljava/lang/String; L6 L7 4
MAXSTACK = 5