GETSTATIC org/openjdk/btrace/runtime/auxiliary/NoArgsEntryReturn.$btrace$$level : I
ICONST_1
IF_ICMPLT L0
ALOAD 0
INVOKESTATIC resources/OnMethodTest.$btrace$org$openjdk$btrace$runtime$auxiliary$NoArgsEntryReturn$argsEmptyEntry (Ljava/lang/Object;)V
FRAME SAME
GETSTATIC org/openjdk/btrace/runtime/auxiliary/NoArgsEntryReturn.$btrace$$level : I
ICONST_1
IF_ICMPLT L1
ALOAD 0
INVOKESTATIC resources/OnMethodTest.$btrace$org$openjdk$btrace$runtime$auxiliary$NoArgsEntryReturn$argsEmptyReturn (Ljava/lang/Object;)V
L1
FRAME SAME1 J
L2
LOCALVARIABLE this Lresources/OnMethodTest; L0 L2 0
LOCALVARIABLE a Ljava/lang/String; L0 L2 1
LOCALVARIABLE b J L0 L2 2
LOCALVARIABLE c [Ljava/lang/String; L0 L2 4
LOCALVARIABLE d [I L0 L2 5
MAXSTACK = 4