GETSTATIC org/openjdk/btrace/runtime/auxiliary/StaticArgsSelf.$btrace$$level : I
ICONST_1
IF_ICMPLT L0
ACONST_NULL
ALOAD 0
LLOAD 1
ALOAD 3
ALOAD 4
INVOKESTATIC resources/OnMethodTest.$btrace$org$openjdk$btrace$runtime$auxiliary$StaticArgsSelf$args (Ljava/lang/Object;Ljava/lang/String;J[Ljava/lang/String;[I)V
FRAME SAME
MAXSTACK = 6