LSTORE 4
ASTORE 6
GETSTATIC org/openjdk/btrace/runtime/auxiliary/StaticMethodCallStatic.$btrace$$level : I
ICONST_1
IF_ICMPLT L2
ALOAD 6
LLOAD 4
LDC "static long resources.OnMethodTest#callTargetStatic(java.lang.String, long)"
LDC "resources.OnMethodTest"
LDC "callTopLevelStatic"
INVOKESTATIC resources/OnMethodTest.$btrace$org$openjdk$btrace$runtime$auxiliary$StaticMethodCallStatic$args (Ljava/lang/String;JLjava/lang/String;Ljava/lang/String;Ljava/lang/String;)V
L2
FRAME APPEND [resources/OnMethodTest J java/lang/String]
ALOAD 6
LLOAD 4
L3
LOCALVARIABLE a Ljava/lang/String; L0 L3 0
LOCALVARIABLE b J L0 L3 1
LOCALVARIABLE instance Lresources/OnMethodTest; L1 L3 3
MAXLOCALS = 7