GETSTATIC org/openjdk/btrace/runtime/auxiliary/Throw.$btrace$$level : I
ICONST_1
IF_ICMPLT L2
DUP
ASTORE 1
ALOAD 0
LDC "resources.OnMethodTest"
LDC "exception"
ALOAD 1
INVOKESTATIC resources/OnMethodTest.$btrace$org$openjdk$btrace$runtime$auxiliary$Throw$args (Ljava/lang/Object;Ljava/lang/String;Ljava/lang/String;Ljava/lang/Throwable;)V
L2
FRAME SAME1 java/io/IOException
ASTORE 2
L3
LINENUMBER 85 L3
ALOAD 2
L4
LINENUMBER 87 L4
L5
LOCALVARIABLE e Ljava/io/IOException; L3 L4 2
LOCALVARIABLE this Lresources/OnMethodTest; L0 L5 0
MAXSTACK = 5
MAXLOCALS = 3