LSTORE 4
ASTORE 6
ASTORE 7
ALOAD 7
ALOAD 6
LLOAD 4
GETSTATIC org/openjdk/btrace/runtime/auxiliary/MethodCallReturnAugmented.$btrace$$level : I
ICONST_1
IF_ICMPLT L1
LSTORE 8
INVOKESTATIC org/openjdk/btrace/core/BTraceRuntime.isLinking ()Z
IFNE L2
ALOAD 6
LLOAD 4
LLOAD 8
INVOKEDYNAMIC $btrace$org$openjdk$btrace$runtime$auxiliary$MethodCallReturnAugmented$args(Ljava/lang/String;JJ)J [
// handle kind 0x6 : INVOKESTATIC
org/openjdk/btrace/runtime/Indy.bootstrap(Ljava/lang/invoke/MethodHandles$Lookup;Ljava/lang/String;Ljava/lang/invoke/MethodType;Ljava/lang/String;)Ljava/lang/invoke/CallSite;
// arguments:
"org/openjdk/btrace/runtime/auxiliary/MethodCallReturnAugmented"
]
GOTO L1
L2
FRAME FULL [resources/OnMethodTest java/lang/String J J java/lang/String resources/OnMethodTest J] []
LLOAD 8
L1
FRAME FULL [resources/OnMethodTest java/lang/String J J java/lang/String resources/OnMethodTest] [J]
L3
LOCALVARIABLE this Lresources/OnMethodTest; L0 L3 0
LOCALVARIABLE a Ljava/lang/String; L0 L3 1
LOCALVARIABLE b J L0 L3 2
MAXLOCALS = 10