TRYCATCHBLOCK L4 L5 L5 java/lang/Throwable
L6
LINENUMBER 127 L6
INVOKESTATIC org/openjdk/btrace/core/BTraceRuntime.isLinking ()Z
IFNE L7
GETSTATIC org/openjdk/btrace/runtime/auxiliary/SyncExit.$btrace$$level : I
ICONST_1
IF_ICMPLT L7
DUP
ASTORE 2
ALOAD 0
LDC "resources.OnMethodTest"
ALOAD 2
INVOKEDYNAMIC $btrace$org$openjdk$btrace$runtime$auxiliary$SyncExit$args(Ljava/lang/Object;Ljava/lang/String;Ljava/lang/Object;)V [
// handle kind 0x6 : INVOKESTATIC
org/openjdk/btrace/runtime/Indy.bootstrap(Ljava/lang/invoke/MethodHandles$Lookup;Ljava/lang/String;Ljava/lang/invoke/MethodType;Ljava/lang/String;)Ljava/lang/invoke/CallSite;
// arguments:
"org/openjdk/btrace/runtime/auxiliary/SyncExit"
]
L7
FRAME FULL [resources/OnMethodTest resources/OnMethodTest] [resources/OnMethodTest]
GOTO L8
ASTORE 3
INVOKESTATIC org/openjdk/btrace/core/BTraceRuntime.isLinking ()Z
IFNE L9
GETSTATIC org/openjdk/btrace/runtime/auxiliary/SyncExit.$btrace$$level : I
ICONST_1
IF_ICMPLT L9
DUP
ASTORE 4
ALOAD 0
LDC "resources.OnMethodTest"
ALOAD 4
INVOKEDYNAMIC $btrace$org$openjdk$btrace$runtime$auxiliary$SyncExit$args(Ljava/lang/Object;Ljava/lang/String;Ljava/lang/Object;)V [
// handle kind 0x6 : INVOKESTATIC
org/openjdk/btrace/runtime/Indy.bootstrap(Ljava/lang/invoke/MethodHandles$Lookup;Ljava/lang/String;Ljava/lang/invoke/MethodType;Ljava/lang/String;)Ljava/lang/invoke/CallSite;
// arguments:
"org/openjdk/btrace/runtime/auxiliary/SyncExit"
]
L9
FRAME FULL [resources/OnMethodTest java/lang/Object T java/lang/Throwable] [java/lang/Object]
ALOAD 3
L8
LINENUMBER 128 L8
FRAME CHOP 3
L5
FRAME SAME1 java/lang/Throwable
ATHROW
LOCALVARIABLE this Lresources/OnMethodTest; L4 L5 0
MAXSTACK = 4
MAXLOCALS = 5