ICONST_1
INVOKESTATIC org/openjdk/btrace/instr/MethodTracker.hit (I)Z
ISTORE 6
ILOAD 6
IFEQ L1
DUP2
LSTORE 7
ALOAD 0
LLOAD 7
ALOAD 1
LLOAD 2
ALOAD 4
ALOAD 5
INVOKESTATIC resources/OnMethodTest.$btrace$org$openjdk$btrace$runtime$auxiliary$ArgsReturnSampled$args (Ljava/lang/Object;JLjava/lang/String;J[Ljava/lang/String;[I)V
L1
FRAME FULL [resources/OnMethodTest java/lang/String J [Ljava/lang/String; [I I] [J]
L2
LOCALVARIABLE this Lresources/OnMethodTest; L0 L2 0
LOCALVARIABLE a Ljava/lang/String; L0 L2 1
LOCALVARIABLE b J L0 L2 2
LOCALVARIABLE c [Ljava/lang/String; L0 L2 4
LOCALVARIABLE d [I L0 L2 5
MAXSTACK = 10
MAXLOCALS = 9