LCONST_0
LSTORE 2
INVOKESTATIC java/lang/System.nanoTime ()J
LSTORE 4
INVOKESTATIC java/lang/System.nanoTime ()J
LLOAD 4
LSUB
LSTORE 2
ALOAD 0
LLOAD 2
ALOAD 1
INVOKESTATIC resources/OnMethodTest.$btrace$org$openjdk$btrace$runtime$auxiliary$ArgsDurationConstructor$args (Ljava/lang/Object;JLjava/lang/String;)V
MAXSTACK = 4
MAXLOCALS = 6