ISTORE 4
DUP2
ISTORE 5
ASTORE 6
ILOAD 4
ALOAD 0
ALOAD 6
ILOAD 5
ILOAD 4
INVOKESTATIC resources/OnMethodTest.$btrace$org$openjdk$btrace$runtime$auxiliary$ArraySetBefore$args (Ljava/lang/Object;[III)V
MAXSTACK = 7
MAXLOCALS = 7