DUP2
ISTORE 3
ASTORE 4
ALOAD 0
ALOAD 4
ILOAD 3
INVOKESTATIC resources/OnMethodTest.$btrace$org$openjdk$btrace$runtime$auxiliary$ArrayGetBefore$args (Ljava/lang/Object;[II)V
ISTORE 5
LOCALVARIABLE b I L2 L4 5
MAXSTACK = 5
MAXLOCALS = 6