ISTORE 4
DUP2
ISTORE 5
ASTORE 6
ILOAD 4
ALOAD 0
ALOAD 6
ILOAD 5
ILOAD 4
INVOKESTATIC java/lang/Integer.valueOf (I)Ljava/lang/Integer;
INVOKESTATIC resources/OnMethodTest.$btrace$org$openjdk$btrace$runtime$auxiliary$ArraySetBeforeAny$args (Ljava/lang/Object;Ljava/lang/Object;ILjava/lang/Object;)V
MAXSTACK = 7
MAXLOCALS = 7