LSTORE 1
LLOAD 1
ALOAD 0
ACONST_NULL
LDC "sField"
LLOAD 1
INVOKESTATIC resources/OnMethodTest.$btrace$org$openjdk$btrace$runtime$auxiliary$FieldSetAfterStatic$args (Ljava/lang/Object;Ljava/lang/Object;Ljava/lang/String;J)V
MAXSTACK = 5
MAXLOCALS = 3