LSTORE 4
ASTORE 6
ASTORE 7
ALOAD 7
ALOAD 6
LLOAD 4
LSTORE 8
ALOAD 6
LLOAD 4
LLOAD 8
INVOKESTATIC resources/OnMethodTest.$btrace$org$openjdk$btrace$runtime$auxiliary$MethodCallReturnAugmented$args (Ljava/lang/String;JJ)J
MAXLOCALS = 10