ALOAD 0
LDC "java.util.HashMap"
INVOKESTATIC resources/OnMethodTest.$btrace$org$openjdk$btrace$runtime$auxiliary$NewBefore$args (Ljava/lang/Object;Ljava/lang/String;)V